News updated at 2018-11-20 18:38:41
Weather updated at 2018-11-20 18:38:42
Calendar updated at 2018-11-20 18:38:42
News updated at 2018-11-20 18:38:42
Traceback (most recent call last):
  File "main.py", line 10, in <module>
    app.start()
  File "/home/pi/codes/rpi_interface/app.py", line 136, in start
    self._update_screen()
  File "/home/pi/codes/rpi_interface/app.py", line 93, in _update_screen
    self.active_panel.draw(self.screen)
  File "/home/pi/codes/rpi_interface/panels.py", line 54, in draw
    widget.draw(screen)
  File "/home/pi/codes/rpi_interface/widgets.py", line 59, in draw
    self._draw_shape(screen, shape)
  File "/home/pi/codes/rpi_interface/widgets.py", line 94, in _draw_shape
    pygame.draw.aalines(screen, shape.color, shape.closed, shape.pointlist, shape.width)
ValueError: unsupported bit depth for aaline draw (supports 32 & 24 bit)
